// Jest Snapshot v1, https://goo.gl/fbAQLP

exports[`plugin should assign mapped response object to key on metadata 1`] = `
Object {
  "medium": Object {
    "posts": Array [
      Object {
        "acceptedAt": 0,
        "allowResponses": true,
        "approvedHomeCollectionId": "",
        "audioVersionDurationSec": 0,
        "canonicalUrl": "",
        "content": Object {
          "postDisplay": Object {
            "coverless": true,
          },
          "subtitle": "A short one, but I felt like sharing some thoughts about the recently announced Citymapper Pass in London, and why I’ve picked one up…",
        },
        "coverless": true,
        "createdAt": 1551977936172,
        "creatorId": "e54e8fe3cbbe",
        "curationEligibleAt": 0,
        "deletedAt": 0,
        "detectedLanguage": "en",
        "displayAuthor": "",
        "editorialPreviewDek": "",
        "editorialPreviewTitle": "",
        "experimentalCss": "",
        "featureLockRequestAcceptedAt": 0,
        "firstPublishedAt": 1551980533590,
        "hasUnpublishedEdits": false,
        "hightowerMinimumGuaranteeEndsAt": 0,
        "hightowerMinimumGuaranteeStartsAt": 0,
        "homeCollectionId": "",
        "id": "832f905ce92a",
        "importedPublishedAt": 0,
        "importedUrl": "",
        "inResponseToMediaResourceId": "",
        "inResponseToPostId": "",
        "inResponseToRemovedAt": 0,
        "isApprovedTranslation": false,
        "isBlockedFromHightower": false,
        "isEligibleForRevenue": false,
        "isNsfw": false,
        "isProxyPost": false,
        "isSeries": false,
        "isSubscriptionLocked": false,
        "isTitleSynthesized": false,
        "latestPublishedAt": 1552597402774,
        "latestPublishedVersion": "a1d43b7635ab",
        "latestRev": 368,
        "latestVersion": "a1d43b7635ab",
        "layerCake": 0,
        "license": 0,
        "lockedPostSource": 0,
        "mediumUrl": "",
        "migrationId": "",
        "mongerRequestType": 1,
        "newsletterId": "",
        "notifyFacebook": false,
        "notifyFollowers": true,
        "notifyTwitter": false,
        "previewContent": Object {
          "bodyModel": Object {
            "paragraphs": Array [
              Object {
                "layout": 10,
                "metadata": Object {
                  "id": "1*r6kRETnqirT230S4nVwJRQ.png",
                  "isFeatured": true,
                  "originalHeight": 1317,
                  "originalWidth": 2044,
                },
                "name": "previewImage",
                "text": "",
                "type": 4,
              },
              Object {
                "alignment": 1,
                "markups": Array [],
                "name": "9fc1",
                "text": "Why I’m all in with Citymapper Pass",
                "type": 3,
              },
              Object {
                "alignment": 1,
                "markups": Array [
                  Object {
                    "anchorType": 0,
                    "end": 93,
                    "href": "https://medium.com/citymapper/citymapper-pass-17c56da5dfa0",
                    "rel": "",
                    "start": 78,
                    "title": "",
                    "type": 3,
                  },
                ],
                "name": "b658",
                "text": "A short one, but I felt like sharing my thoughts about the recently announced Citymapper Pass in…",
                "type": 1,
              },
            ],
            "sections": Array [
              Object {
                "startIndex": 0,
              },
            ],
          },
          "isFullContent": false,
          "subtitle": "A short one, but I felt like sharing some thoughts about the recently announced Citymapper Pass in London, and why I’ve picked one up…",
        },
        "proxyPostFaviconUrl": "",
        "proxyPostProviderName": "",
        "responseHiddenOnParentPostAt": 0,
        "sequenceId": "",
        "seriesLastAppendedAt": 0,
        "slug": "why-im-all-in-with-citymapper-pass",
        "socialDek": "",
        "socialTitle": "",
        "title": "Why I’m all in with Citymapper Pass",
        "translationSourceCreatorId": "",
        "translationSourcePostId": "",
        "type": "Post",
        "uniqueSlug": "why-im-all-in-with-citymapper-pass-832f905ce92a",
        "updatedAt": 1552597402774,
        "url": "https://medium.com/@huntie/why-im-all-in-with-citymapper-pass-832f905ce92a",
        "versionId": "a1d43b7635ab",
        "virtuals": Object {
          "allowNotes": true,
          "imageCount": 1,
          "isBookmarked": false,
          "isLockedPreviewOnly": false,
          "links": Object {
            "entries": Array [
              Object {
                "alts": Array [
                  Object {
                    "type": 2,
                    "url": "medium://p/17c56da5dfa0",
                  },
                  Object {
                    "type": 3,
                    "url": "medium://p/17c56da5dfa0",
                  },
                ],
                "httpStatus": 200,
                "url": "https://medium.com/citymapper/citymapper-pass-17c56da5dfa0",
              },
            ],
            "generatedAt": 1552597403132,
            "version": "0.3",
          },
          "metaDescription": "",
          "noIndex": false,
          "previewImage": Object {
            "backgroundSize": "",
            "filter": "",
            "height": 0,
            "imageId": "1*r6kRETnqirT230S4nVwJRQ.png",
            "originalHeight": 1317,
            "originalWidth": 2044,
            "strategy": "resample",
            "width": 0,
          },
          "readingList": 0,
          "readingTime": 1.260377358490566,
          "recommends": 2,
          "responsesCreatedCount": 0,
          "sectionCount": 2,
          "socialRecommendsCount": 0,
          "subtitle": "A short one, but I felt like sharing some thoughts about the recently announced Citymapper Pass in London, and why I’ve picked one up…",
          "tags": Array [
            Object {
              "metadata": Object {
                "coverImage": Object {
                  "id": "1*_yra0Ypvf2zplyb0VSoQPA.jpeg",
                },
                "postCount": 258544,
              },
              "name": "Travel",
              "postCount": 258544,
              "slug": "travel",
              "type": "Tag",
            },
            Object {
              "metadata": Object {
                "coverImage": Object {
                  "id": "1*cU-Kg1DMJvMQseF4TJYpcg.png",
                  "isFeatured": true,
                  "originalHeight": 970,
                  "originalWidth": 1200,
                },
                "postCount": 57,
              },
              "name": "London Underground",
              "postCount": 57,
              "slug": "london-underground",
              "type": "Tag",
            },
            Object {
              "metadata": Object {
                "coverImage": Object {
                  "id": "1*6vrvIOGcncYdguSjxiBhLA.jpeg",
                  "isFeatured": true,
                  "originalHeight": 2848,
                  "originalWidth": 4288,
                },
                "postCount": 64,
              },
              "name": "Tfl",
              "postCount": 64,
              "slug": "tfl",
              "type": "Tag",
            },
            Object {
              "metadata": Object {
                "coverImage": Object {
                  "id": "1*7UqQECLZd5Ja_b47bhXTEQ.jpeg",
                  "isFeatured": true,
                  "originalHeight": 1280,
                  "originalWidth": 1920,
                },
                "postCount": 5442,
              },
              "name": "Lifehacks",
              "postCount": 5442,
              "slug": "lifehacks",
              "type": "Tag",
            },
          ],
          "topics": Array [],
          "totalClapCount": 2,
          "usersBySocialRecommends": Array [],
          "wordCount": 281,
        },
        "visibility": 0,
        "vote": false,
        "webCanonicalUrl": "",
      },
      Object {
        "acceptedAt": 0,
        "allowResponses": true,
        "approvedHomeCollectionId": "",
        "audioVersionDurationSec": 0,
        "canonicalUrl": "",
        "content": Object {
          "postDisplay": Object {
            "coverless": true,
          },
          "subtitle": "Getting started with fish, the friendly interactive shell",
        },
        "coverless": true,
        "createdAt": 1546888584419,
        "creatorId": "e54e8fe3cbbe",
        "curationEligibleAt": 0,
        "deletedAt": 0,
        "detectedLanguage": "en",
        "displayAuthor": "",
        "editorialPreviewDek": "",
        "editorialPreviewTitle": "",
        "experimentalCss": "",
        "featureLockRequestAcceptedAt": 0,
        "firstPublishedAt": 1547149706637,
        "hasUnpublishedEdits": false,
        "hightowerMinimumGuaranteeEndsAt": 0,
        "hightowerMinimumGuaranteeStartsAt": 0,
        "homeCollectionId": "",
        "id": "f62cd3f15fe7",
        "importedPublishedAt": 0,
        "importedUrl": "",
        "inResponseToMediaResourceId": "",
        "inResponseToPostId": "",
        "inResponseToRemovedAt": 0,
        "isApprovedTranslation": false,
        "isBlockedFromHightower": false,
        "isEligibleForRevenue": false,
        "isNsfw": false,
        "isProxyPost": false,
        "isSeries": false,
        "isSubscriptionLocked": false,
        "isTitleSynthesized": false,
        "latestPublishedAt": 1547662856305,
        "latestPublishedVersion": "e59120a0fc7",
        "latestRev": 1652,
        "latestVersion": "e59120a0fc7",
        "layerCake": 0,
        "license": 0,
        "lockedPostSource": 0,
        "mediumUrl": "",
        "migrationId": "",
        "mongerRequestType": 1,
        "newsletterId": "",
        "notifyFacebook": false,
        "notifyFollowers": true,
        "notifyTwitter": false,
        "previewContent": Object {
          "bodyModel": Object {
            "paragraphs": Array [
              Object {
                "layout": 10,
                "metadata": Object {
                  "id": "1*1l7iPfcwUt4dpZtTl66BIA.png",
                  "isFeatured": true,
                  "originalHeight": 1624,
                  "originalWidth": 3360,
                },
                "name": "previewImage",
                "text": "",
                "type": 4,
              },
              Object {
                "alignment": 1,
                "markups": Array [],
                "name": "07a3",
                "text": "New year, new shell",
                "type": 3,
              },
              Object {
                "alignment": 1,
                "markups": Array [],
                "name": "0a3c",
                "text": "Getting started with fish, the friendly interactive shell",
                "type": 13,
              },
            ],
            "sections": Array [
              Object {
                "startIndex": 0,
              },
            ],
          },
          "isFullContent": false,
          "subtitle": "Getting started with fish, the friendly interactive shell",
        },
        "proxyPostFaviconUrl": "",
        "proxyPostProviderName": "",
        "responseHiddenOnParentPostAt": 0,
        "sequenceId": "",
        "seriesLastAppendedAt": 0,
        "slug": "new-year-new-shell",
        "socialDek": "",
        "socialTitle": "",
        "title": "New year, new shell",
        "translationSourceCreatorId": "",
        "translationSourcePostId": "",
        "type": "Post",
        "uniqueSlug": "new-year-new-shell-f62cd3f15fe7",
        "updatedAt": 1547662856305,
        "url": "https://medium.com/@huntie/new-year-new-shell-f62cd3f15fe7",
        "versionId": "e59120a0fc7",
        "virtuals": Object {
          "allowNotes": true,
          "imageCount": 5,
          "isBookmarked": false,
          "isLockedPreviewOnly": false,
          "links": Object {
            "entries": Array [
              Object {
                "alts": Array [],
                "httpStatus": 200,
                "url": "https://fishshell.com/",
              },
              Object {
                "alts": Array [],
                "httpStatus": 200,
                "url": "https://github.com/huntie/dotfiles",
              },
              Object {
                "alts": Array [],
                "httpStatus": 200,
                "url": "https://fishshell.com/docs/current/commands.html#emit",
              },
              Object {
                "alts": Array [],
                "httpStatus": 200,
                "url": "https://github.com/huntie/dotfiles/tree/master/fish",
              },
              Object {
                "alts": Array [],
                "httpStatus": 200,
                "url": "https://fishshell.com/docs/current/commands.html",
              },
              Object {
                "alts": Array [],
                "httpStatus": 200,
                "url": "https://fishshell.com/docs/current/index.html",
              },
              Object {
                "alts": Array [],
                "httpStatus": 200,
                "url": "https://github.com/oh-my-fish",
              },
              Object {
                "alts": Array [],
                "httpStatus": 200,
                "url": "https://github.com/ryanoasis/nerd-fonts",
              },
            ],
            "generatedAt": 1547662857083,
            "version": "0.3",
          },
          "metaDescription": "",
          "noIndex": false,
          "previewImage": Object {
            "backgroundSize": "",
            "filter": "",
            "height": 0,
            "imageId": "1*1l7iPfcwUt4dpZtTl66BIA.png",
            "originalHeight": 1624,
            "originalWidth": 3360,
            "strategy": "resample",
            "width": 0,
          },
          "readingList": 0,
          "readingTime": 3.8899371069182394,
          "recommends": 5,
          "responsesCreatedCount": 0,
          "sectionCount": 2,
          "socialRecommendsCount": 0,
          "subtitle": "Getting started with fish, the friendly interactive shell",
          "tags": Array [
            Object {
              "metadata": Object {
                "coverImage": Object {
                  "id": "1*B38rwiQOcVjtwQy988CfJA.png",
                  "isFeatured": true,
                  "originalHeight": 312,
                  "originalWidth": 820,
                },
                "postCount": 99880,
              },
              "name": "Programming",
              "postCount": 99880,
              "slug": "programming",
              "type": "Tag",
            },
            Object {
              "metadata": Object {
                "coverImage": Object {
                  "id": "1*whc9YGX8JREGYmC32NdNlA.png",
                  "isFeatured": true,
                  "originalHeight": 2083,
                  "originalWidth": 3333,
                },
                "postCount": 28560,
              },
              "name": "Development",
              "postCount": 28560,
              "slug": "development",
              "type": "Tag",
            },
            Object {
              "metadata": Object {
                "coverImage": Object {
                  "id": "1*xcm7a5kEuHxnfCT_eCoUCg.jpeg",
                  "originalHeight": 750,
                  "originalWidth": 1128,
                },
                "postCount": 657,
              },
              "name": "Unix",
              "postCount": 657,
              "slug": "unix",
              "type": "Tag",
            },
          ],
          "topics": Array [],
          "totalClapCount": 44,
          "usersBySocialRecommends": Array [],
          "wordCount": 810,
        },
        "visibility": 0,
        "vote": false,
        "webCanonicalUrl": "",
      },
      Object {
        "acceptedAt": 0,
        "allowResponses": true,
        "approvedHomeCollectionId": "",
        "audioVersionDurationSec": 0,
        "canonicalUrl": "",
        "content": Object {
          "postDisplay": Object {
            "coverless": true,
          },
          "subtitle": "One of the more recent FinTech startups to come out the London tech scene is Curve, a consumer money product launched in January of this…",
        },
        "coverless": true,
        "createdAt": 1523534597902,
        "creatorId": "e54e8fe3cbbe",
        "curationEligibleAt": 0,
        "deletedAt": 0,
        "detectedLanguage": "en",
        "displayAuthor": "",
        "editorialPreviewDek": "",
        "editorialPreviewTitle": "",
        "experimentalCss": "",
        "featureLockRequestAcceptedAt": 0,
        "firstPublishedAt": 1527370662207,
        "hasUnpublishedEdits": false,
        "hightowerMinimumGuaranteeEndsAt": 0,
        "hightowerMinimumGuaranteeStartsAt": 0,
        "homeCollectionId": "",
        "id": "b4125a97e3c3",
        "importedPublishedAt": 0,
        "importedUrl": "",
        "inResponseToMediaResourceId": "",
        "inResponseToPostId": "",
        "inResponseToRemovedAt": 0,
        "isApprovedTranslation": false,
        "isBlockedFromHightower": false,
        "isEligibleForRevenue": false,
        "isNsfw": false,
        "isProxyPost": false,
        "isSeries": false,
        "isSubscriptionLocked": false,
        "isTitleSynthesized": true,
        "latestPublishedAt": 1537972719955,
        "latestPublishedVersion": "e5b3d47a80dc",
        "latestRev": 2362,
        "latestVersion": "e5b3d47a80dc",
        "layerCake": 0,
        "license": 0,
        "lockedPostSource": 0,
        "mediumUrl": "",
        "migrationId": "",
        "mongerRequestType": 1,
        "newsletterId": "",
        "notifyFacebook": false,
        "notifyFollowers": true,
        "notifyTwitter": false,
        "previewContent": Object {
          "bodyModel": Object {
            "paragraphs": Array [
              Object {
                "layout": 10,
                "metadata": Object {
                  "id": "1*e6USL9jPFm4mjj6J06UhLw.png",
                  "isFeatured": true,
                  "originalHeight": 1012,
                  "originalWidth": 1238,
                },
                "name": "previewImage",
                "text": "",
                "type": 4,
              },
              Object {
                "alignment": 1,
                "markups": Array [],
                "name": "9b99",
                "text": "Thoughts on the UK Curve Card",
                "type": 3,
              },
              Object {
                "alignment": 1,
                "markups": Array [
                  Object {
                    "anchorType": 0,
                    "end": 82,
                    "href": "https://www.imaginecurve.com/",
                    "rel": "",
                    "start": 77,
                    "title": "",
                    "type": 3,
                  },
                  Object {
                    "end": 82,
                    "start": 77,
                    "type": 1,
                  },
                ],
                "name": "3a12",
                "text": "One of the more recent FinTech startups to come out the London tech scene is Curve, a consumer money…",
                "type": 1,
              },
            ],
            "sections": Array [
              Object {
                "startIndex": 0,
              },
            ],
          },
          "isFullContent": false,
          "subtitle": "One of the more recent FinTech startups to come out the London tech scene is Curve, a consumer money product launched in January of this…",
        },
        "proxyPostFaviconUrl": "",
        "proxyPostProviderName": "",
        "responseHiddenOnParentPostAt": 0,
        "sequenceId": "",
        "seriesLastAppendedAt": 0,
        "slug": "thoughts-on-the-uk-curve-card",
        "socialDek": "",
        "socialTitle": "",
        "title": "Thoughts on the UK Curve Card",
        "translationSourceCreatorId": "",
        "translationSourcePostId": "",
        "type": "Post",
        "uniqueSlug": "thoughts-on-the-uk-curve-card-b4125a97e3c3",
        "updatedAt": 1537972719955,
        "url": "https://medium.com/@huntie/thoughts-on-the-uk-curve-card-b4125a97e3c3",
        "versionId": "e5b3d47a80dc",
        "virtuals": Object {
          "allowNotes": true,
          "imageCount": 6,
          "isBookmarked": false,
          "isLockedPreviewOnly": false,
          "links": Object {
            "entries": Array [
              Object {
                "alts": Array [
                  Object {
                    "type": 1,
                    "url": "https://cdn.ampproject.org/c/s/blog.imaginecurve.com/curve-is-changing-the-game-of-travel/amp/",
                  },
                ],
                "httpStatus": 200,
                "url": "https://blog.imaginecurve.com/curve-is-changing-the-game-of-travel/",
              },
              Object {
                "alts": Array [],
                "httpStatus": 200,
                "url": "https://imaginecurve.onelink.me/3972912079?af_prt=Rebelhack&pid=imaginecurve.com&c=ios-download-button",
              },
              Object {
                "alts": Array [],
                "httpStatus": 200,
                "url": "https://www.imaginecurve.com/",
              },
              Object {
                "alts": Array [],
                "httpStatus": 200,
                "url": "https://imaginecurve.onelink.me/3972912079?af_prt=Rebelhack&pid=imaginecurve.com&c=android-download-button&af_dp=None&af_web_dp=https%3A%2F%2Fplay.google.com%2Fstore%2Fapps%2Fdetails%3Fid%3Dcom.imaginecurve.curve.prd%26hl%3Den_GB",
              },
            ],
            "generatedAt": 1537972721207,
            "version": "0.3",
          },
          "metaDescription": "",
          "noIndex": false,
          "previewImage": Object {
            "backgroundSize": "",
            "filter": "",
            "height": 0,
            "imageId": "1*e6USL9jPFm4mjj6J06UhLw.png",
            "originalHeight": 1012,
            "originalWidth": 1238,
            "strategy": "resample",
            "width": 0,
          },
          "readingList": 0,
          "readingTime": 5.485849056603774,
          "recommends": 12,
          "responsesCreatedCount": 6,
          "sectionCount": 1,
          "socialRecommendsCount": 0,
          "subtitle": "One of the more recent FinTech startups to come out the London tech scene is Curve, a consumer money product launched in January of this…",
          "tags": Array [
            Object {
              "metadata": Object {
                "coverImage": Object {
                  "id": "1*r1O-P6GqwwQ1BCdTHLocCA.jpeg",
                  "isFeatured": true,
                  "originalHeight": 1123,
                  "originalWidth": 1600,
                },
                "postCount": 47554,
              },
              "name": "Fintech",
              "postCount": 47554,
              "slug": "fintech",
              "type": "Tag",
            },
            Object {
              "metadata": Object {
                "coverImage": Object {
                  "id": "1*4lEOKcBmCI6KTKBNEfNsxA.jpeg",
                  "originalHeight": 208,
                  "originalWidth": 326,
                },
                "postCount": 265,
              },
              "name": "Debit Card",
              "postCount": 265,
              "slug": "debit-card",
              "type": "Tag",
            },
            Object {
              "metadata": Object {
                "coverImage": Object {
                  "id": "1*jyJCOxH97VA0WSh1qAog5g.jpeg",
                  "isFeatured": true,
                  "originalHeight": 619,
                  "originalWidth": 1876,
                },
                "postCount": 4208,
              },
              "name": "Credit Cards",
              "postCount": 4208,
              "slug": "credit-cards",
              "type": "Tag",
            },
            Object {
              "metadata": Object {
                "coverImage": Object {
                  "id": "0*vaPSNmiLdMsGPtDm",
                  "originalHeight": 2759,
                  "originalWidth": 4139,
                  "unsplashPhotoId": "0IVop5v4MMU",
                },
                "postCount": 390,
              },
              "name": "Mobile Wallets",
              "postCount": 390,
              "slug": "mobile-wallets",
              "type": "Tag",
            },
            Object {
              "metadata": Object {
                "coverImage": Object {
                  "id": "1*wL5WERulwUPHr5JTeEPV1Q.jpeg",
                  "isFeatured": true,
                  "originalHeight": 1256,
                  "originalWidth": 2400,
                },
                "postCount": 42721,
              },
              "name": "Money",
              "postCount": 42721,
              "slug": "money",
              "type": "Tag",
            },
          ],
          "topics": Array [],
          "totalClapCount": 106,
          "usersBySocialRecommends": Array [],
          "wordCount": 1202,
        },
        "visibility": 0,
        "vote": false,
        "webCanonicalUrl": "",
      },
      Object {
        "acceptedAt": 0,
        "allowResponses": true,
        "approvedHomeCollectionId": "",
        "audioVersionDurationSec": 0,
        "canonicalUrl": "",
        "content": Object {
          "postDisplay": Object {
            "coverless": true,
          },
          "subtitle": "The original focused writing app comes to Windows",
        },
        "coverless": true,
        "createdAt": 1518284342951,
        "creatorId": "e54e8fe3cbbe",
        "curationEligibleAt": 0,
        "deletedAt": 0,
        "detectedLanguage": "en",
        "displayAuthor": "",
        "editorialPreviewDek": "",
        "editorialPreviewTitle": "",
        "experimentalCss": "",
        "featureLockRequestAcceptedAt": 0,
        "firstPublishedAt": 1518445389046,
        "hasUnpublishedEdits": false,
        "hightowerMinimumGuaranteeEndsAt": 0,
        "hightowerMinimumGuaranteeStartsAt": 0,
        "homeCollectionId": "",
        "id": "289a7cdd58e6",
        "importedPublishedAt": 0,
        "importedUrl": "",
        "inResponseToMediaResourceId": "",
        "inResponseToPostId": "",
        "inResponseToRemovedAt": 0,
        "isApprovedTranslation": false,
        "isBlockedFromHightower": false,
        "isEligibleForRevenue": false,
        "isNsfw": false,
        "isProxyPost": false,
        "isSeries": false,
        "isSubscriptionLocked": false,
        "isTitleSynthesized": true,
        "latestPublishedAt": 1519674751946,
        "latestPublishedVersion": "19a69b6fc9b2",
        "latestRev": 811,
        "latestVersion": "19a69b6fc9b2",
        "layerCake": 0,
        "license": 0,
        "lockedPostSource": 0,
        "mediumUrl": "",
        "migrationId": "",
        "mongerRequestType": 1,
        "newsletterId": "",
        "notifyFacebook": false,
        "notifyFollowers": true,
        "notifyTwitter": true,
        "previewContent": Object {
          "bodyModel": Object {
            "paragraphs": Array [
              Object {
                "layout": 10,
                "metadata": Object {
                  "id": "1*SdpIvSyGVX3LlB5TjVylPQ.png",
                  "isFeatured": true,
                  "originalHeight": 1080,
                  "originalWidth": 1920,
                },
                "name": "previewImage",
                "text": "",
                "type": 4,
              },
              Object {
                "alignment": 1,
                "markups": Array [],
                "name": "4f19",
                "text": "iA Writer for Windows first impressions",
                "type": 3,
              },
              Object {
                "alignment": 1,
                "markups": Array [],
                "name": "e55e",
                "text": "The original focused writing app comes to Windows",
                "type": 13,
              },
            ],
            "sections": Array [
              Object {
                "startIndex": 0,
              },
            ],
          },
          "isFullContent": false,
          "subtitle": "The original focused writing app comes to Windows",
        },
        "proxyPostFaviconUrl": "",
        "proxyPostProviderName": "",
        "responseHiddenOnParentPostAt": 0,
        "sequenceId": "",
        "seriesLastAppendedAt": 0,
        "slug": "ia-writer-for-windows-first-impressions",
        "socialDek": "",
        "socialTitle": "",
        "title": "iA Writer for Windows first impressions",
        "translationSourceCreatorId": "",
        "translationSourcePostId": "",
        "type": "Post",
        "uniqueSlug": "ia-writer-for-windows-first-impressions-289a7cdd58e6",
        "updatedAt": 1522824874937,
        "url": "https://medium.com/@huntie/ia-writer-for-windows-first-impressions-289a7cdd58e6",
        "versionId": "19a69b6fc9b2",
        "virtuals": Object {
          "allowNotes": true,
          "imageCount": 4,
          "isBookmarked": false,
          "isLockedPreviewOnly": false,
          "links": Object {
            "entries": Array [
              Object {
                "alts": Array [
                  Object {
                    "type": 2,
                    "url": "ksr://www.kickstarter.com/projects/1130965422/207225911?app_banner=1",
                  },
                ],
                "httpStatus": 200,
                "url": "https://www.kickstarter.com/projects/reichenstein/a-focused-writing-app-for-windows",
              },
              Object {
                "alts": Array [],
                "httpStatus": 200,
                "url": "https://ia.net/writer/templates/",
              },
            ],
            "generatedAt": 1519674753206,
            "version": "0.3",
          },
          "metaDescription": "",
          "noIndex": false,
          "previewImage": Object {
            "backgroundSize": "",
            "filter": "",
            "height": 0,
            "imageId": "1*SdpIvSyGVX3LlB5TjVylPQ.png",
            "originalHeight": 1080,
            "originalWidth": 1920,
            "strategy": "resample",
            "width": 0,
          },
          "readingList": 0,
          "readingTime": 2.2320754716981135,
          "recommends": 15,
          "responsesCreatedCount": 2,
          "sectionCount": 1,
          "socialRecommendsCount": 0,
          "subtitle": "The original focused writing app comes to Windows",
          "tags": Array [
            Object {
              "metadata": Object {
                "coverImage": Object {
                  "id": "1*AwaoHDZEX9wjHc7o9Ienzg.jpeg",
                },
                "postCount": 199268,
              },
              "name": "Writing",
              "postCount": 199268,
              "slug": "writing",
              "type": "Tag",
            },
            Object {
              "metadata": Object {
                "coverImage": Object {
                  "id": "1*2Gx_OoqMEL8VcnlYgSwWRQ.png",
                  "isFeatured": true,
                  "originalHeight": 960,
                  "originalWidth": 1440,
                },
                "postCount": 4970,
              },
              "name": "Windows",
              "postCount": 4970,
              "slug": "windows",
              "type": "Tag",
            },
            Object {
              "metadata": Object {
                "coverImage": Object {
                  "id": "0*FmNzorr8xNcKmNiy.png",
                  "isFeatured": true,
                  "originalHeight": 466,
                  "originalWidth": 420,
                },
                "postCount": 48,
              },
              "name": "Ia Writer",
              "postCount": 48,
              "slug": "ia-writer",
              "type": "Tag",
            },
            Object {
              "metadata": Object {
                "coverImage": Object {
                  "focusPercentX": 52,
                  "focusPercentY": 50,
                  "id": "1*Oz8aKwah2fvXP1Eq9bM_XQ.png",
                  "isFeatured": true,
                  "originalHeight": 687,
                  "originalWidth": 1920,
                },
                "postCount": 35114,
              },
              "name": "Apps",
              "postCount": 35114,
              "slug": "apps",
              "type": "Tag",
            },
            Object {
              "metadata": Object {
                "coverImage": Object {
                  "id": "0*OSQQFx5VfLnkOci_",
                  "isFeatured": true,
                  "originalHeight": 546,
                  "originalWidth": 1600,
                },
                "postCount": 4169,
              },
              "name": "Kickstarter",
              "postCount": 4169,
              "slug": "kickstarter",
              "type": "Tag",
            },
          ],
          "topics": Array [],
          "totalClapCount": 34,
          "usersBySocialRecommends": Array [],
          "wordCount": 406,
        },
        "visibility": 0,
        "vote": false,
        "webCanonicalUrl": "",
      },
      Object {
        "acceptedAt": 0,
        "allowResponses": true,
        "approvedHomeCollectionId": "",
        "audioVersionDurationSec": 0,
        "canonicalUrl": "",
        "content": Object {
          "postDisplay": Object {
            "coverless": true,
          },
          "subtitle": "Vim remains a powerful and ubiquitous application to tackle any number of text editing tasks conveniently from the terminal (some learning…",
        },
        "coverless": true,
        "createdAt": 1515325074962,
        "creatorId": "e54e8fe3cbbe",
        "curationEligibleAt": 0,
        "deletedAt": 0,
        "detectedLanguage": "en",
        "displayAuthor": "",
        "editorialPreviewDek": "",
        "editorialPreviewTitle": "",
        "experimentalCss": "",
        "featureLockRequestAcceptedAt": 0,
        "firstPublishedAt": 1515698055343,
        "hasUnpublishedEdits": false,
        "hightowerMinimumGuaranteeEndsAt": 0,
        "hightowerMinimumGuaranteeStartsAt": 0,
        "homeCollectionId": "",
        "id": "39957190b7a9",
        "importedPublishedAt": 0,
        "importedUrl": "",
        "inResponseToMediaResourceId": "",
        "inResponseToPostId": "",
        "inResponseToRemovedAt": 0,
        "isApprovedTranslation": false,
        "isBlockedFromHightower": false,
        "isEligibleForRevenue": false,
        "isNsfw": false,
        "isProxyPost": false,
        "isSeries": false,
        "isSubscriptionLocked": false,
        "isTitleSynthesized": true,
        "latestPublishedAt": 1553352062436,
        "latestPublishedVersion": "a9a6fabdd4d0",
        "latestRev": 3438,
        "latestVersion": "a9a6fabdd4d0",
        "layerCake": 0,
        "license": 0,
        "lockedPostSource": 0,
        "mediumUrl": "",
        "migrationId": "",
        "mongerRequestType": 1,
        "newsletterId": "",
        "notifyFacebook": false,
        "notifyFollowers": true,
        "notifyTwitter": true,
        "previewContent": Object {
          "bodyModel": Object {
            "paragraphs": Array [
              Object {
                "layout": 10,
                "metadata": Object {
                  "id": "1*AifpzFxsXggIzG-Q_oqO8Q.png",
                  "isFeatured": true,
                  "originalHeight": 1070,
                  "originalWidth": 1932,
                },
                "name": "previewImage",
                "text": "",
                "type": 4,
              },
              Object {
                "alignment": 1,
                "markups": Array [],
                "name": "2373",
                "text": "10 essential Vim plugins for 2018",
                "type": 3,
              },
              Object {
                "alignment": 1,
                "markups": Array [],
                "name": "798b",
                "text": "Vim remains a powerful and ubiquitous application to tackle any number of text editing tasks…",
                "type": 1,
              },
            ],
            "sections": Array [
              Object {
                "startIndex": 0,
              },
            ],
          },
          "isFullContent": false,
          "subtitle": "Vim remains a powerful and ubiquitous application to tackle any number of text editing tasks conveniently from the terminal (some learning…",
        },
        "proxyPostFaviconUrl": "",
        "proxyPostProviderName": "",
        "responseHiddenOnParentPostAt": 0,
        "sequenceId": "",
        "seriesLastAppendedAt": 0,
        "slug": "10-essential-vim-plugins-for-2018",
        "socialDek": "",
        "socialTitle": "",
        "title": "10 essential Vim plugins for 2018",
        "translationSourceCreatorId": "",
        "translationSourcePostId": "",
        "type": "Post",
        "uniqueSlug": "10-essential-vim-plugins-for-2018-39957190b7a9",
        "updatedAt": 1553352062436,
        "url": "https://medium.com/@huntie/10-essential-vim-plugins-for-2018-39957190b7a9",
        "versionId": "a9a6fabdd4d0",
        "virtuals": Object {
          "allowNotes": true,
          "imageCount": 8,
          "isBookmarked": false,
          "isLockedPreviewOnly": false,
          "links": Object {
            "entries": Array [
              Object {
                "alts": Array [],
                "httpStatus": 200,
                "url": "http://editorconfig.org/",
              },
              Object {
                "alts": Array [],
                "httpStatus": 200,
                "url": "https://github.com/terryma/vim-multiple-cursors",
              },
              Object {
                "alts": Array [],
                "httpStatus": 200,
                "url": "https://github.com/tpope/vim-surround",
              },
              Object {
                "alts": Array [],
                "httpStatus": 200,
                "url": "https://github.com/kien/ctrlp.vim",
              },
              Object {
                "alts": Array [],
                "httpStatus": 200,
                "url": "https://github.com/airblade/vim-gitgutter",
              },
              Object {
                "alts": Array [],
                "httpStatus": 200,
                "url": "https://github.com/tpope/vim-eunuch",
              },
              Object {
                "alts": Array [],
                "httpStatus": 200,
                "url": "https://github.com/w0rp/ale",
              },
              Object {
                "alts": Array [],
                "httpStatus": 200,
                "url": "https://github.com/editorconfig/editorconfig-vim",
              },
              Object {
                "alts": Array [],
                "httpStatus": 200,
                "url": "https://github.com/tpope/vim-pathogen",
              },
              Object {
                "alts": Array [],
                "httpStatus": 502,
                "url": "https://vimawesome.com/",
              },
              Object {
                "alts": Array [],
                "httpStatus": 200,
                "url": "https://github.com/terryma/vim-multiple-cursors#quick-start",
              },
              Object {
                "alts": Array [],
                "httpStatus": 200,
                "url": "https://github.com/junegunn/fzf",
              },
              Object {
                "alts": Array [],
                "httpStatus": 200,
                "url": "https://github.com/huntie/dotfiles/blob/f8a129f8e306c853ab52234f605b1d872b0448b1/vim/.vimrc#L72-L77",
              },
              Object {
                "alts": Array [],
                "httpStatus": 200,
                "url": "https://github.com/mattn/emmet-vim",
              },
              Object {
                "alts": Array [],
                "httpStatus": 200,
                "url": "https://github.com/junegunn/fzf.vim",
              },
              Object {
                "alts": Array [],
                "httpStatus": 200,
                "url": "https://github.com/itchyny/lightline.vim",
              },
              Object {
                "alts": Array [],
                "httpStatus": 200,
                "url": "https://github.com/VundleVim/Vundle.vim",
              },
              Object {
                "alts": Array [],
                "httpStatus": 200,
                "url": "https://github.com/junegunn/vim-plug",
              },
              Object {
                "alts": Array [],
                "httpStatus": 200,
                "url": "https://github.com/scrooloose/nerdtree",
              },
              Object {
                "alts": Array [],
                "httpStatus": 200,
                "url": "https://www.emmet.io/",
              },
            ],
            "generatedAt": 1553352063296,
            "version": "0.3",
          },
          "metaDescription": "",
          "noIndex": false,
          "previewImage": Object {
            "backgroundSize": "",
            "filter": "",
            "height": 0,
            "imageId": "1*AifpzFxsXggIzG-Q_oqO8Q.png",
            "originalHeight": 1070,
            "originalWidth": 1932,
            "strategy": "resample",
            "width": 0,
          },
          "readingList": 0,
          "readingTime": 5.676729559748427,
          "recommends": 407,
          "responsesCreatedCount": 10,
          "sectionCount": 3,
          "socialRecommendsCount": 0,
          "subtitle": "Vim remains a powerful and ubiquitous application to tackle any number of text editing tasks conveniently from the terminal (some learning…",
          "tags": Array [
            Object {
              "metadata": Object {
                "coverImage": Object {
                  "id": "0*LNNP5hH0o3QBODC_",
                  "isFeatured": true,
                  "originalHeight": 2712,
                  "originalWidth": 4076,
                  "unsplashPhotoId": "npxXWgQ33ZQ",
                },
                "postCount": 1220,
              },
              "name": "Vim",
              "postCount": 1220,
              "slug": "vim",
              "type": "Tag",
            },
            Object {
              "metadata": Object {
                "coverImage": Object {
                  "id": "1*jlyn92NEVxudnNdzvil1XA.png",
                  "originalHeight": 920,
                  "originalWidth": 2152,
                },
                "postCount": 2,
              },
              "name": "Vim Plugins",
              "postCount": 2,
              "slug": "vim-plugins",
              "type": "Tag",
            },
            Object {
              "metadata": Object {
                "coverImage": Object {
                  "id": "1*TfIPYNTFW9Z9wJdR_fdFGg.png",
                  "isFeatured": true,
                  "originalHeight": 1250,
                  "originalWidth": 2500,
                },
                "postCount": 2268,
              },
              "name": "Top 10",
              "postCount": 2268,
              "slug": "top-10",
              "type": "Tag",
            },
            Object {
              "metadata": Object {
                "coverImage": Object {
                  "id": "1*xcm7a5kEuHxnfCT_eCoUCg.jpeg",
                  "originalHeight": 750,
                  "originalWidth": 1128,
                },
                "postCount": 657,
              },
              "name": "Unix",
              "postCount": 657,
              "slug": "unix",
              "type": "Tag",
            },
            Object {
              "metadata": Object {
                "coverImage": Object {
                  "id": "1*ssoAMc-PhFawgB31eVBB7g.png",
                  "originalHeight": 645,
                  "originalWidth": 1200,
                },
                "postCount": 262,
              },
              "name": "Text Editor",
              "postCount": 262,
              "slug": "text-editor",
              "type": "Tag",
            },
          ],
          "topics": Array [],
          "totalClapCount": 2533,
          "usersBySocialRecommends": Array [],
          "wordCount": 1204,
        },
        "visibility": 0,
        "vote": false,
        "webCanonicalUrl": "",
      },
      Object {
        "acceptedAt": 0,
        "allowResponses": true,
        "approvedHomeCollectionId": "",
        "audioVersionDurationSec": 0,
        "canonicalUrl": "",
        "content": Object {
          "postDisplay": Object {
            "coverless": true,
          },
          "subtitle": "A few months ago I authored a small Sublime Text plugin called Sublime tmux, providing a set of commands to open windows within tmux…",
        },
        "coverless": true,
        "createdAt": 1514029699514,
        "creatorId": "e54e8fe3cbbe",
        "curationEligibleAt": 0,
        "deletedAt": 0,
        "detectedLanguage": "en",
        "displayAuthor": "",
        "editorialPreviewDek": "",
        "editorialPreviewTitle": "",
        "experimentalCss": "",
        "featureLockRequestAcceptedAt": 0,
        "firstPublishedAt": 1514417839927,
        "hasUnpublishedEdits": false,
        "hightowerMinimumGuaranteeEndsAt": 0,
        "hightowerMinimumGuaranteeStartsAt": 0,
        "homeCollectionId": "",
        "id": "ef8aaecde945",
        "importedPublishedAt": 0,
        "importedUrl": "",
        "inResponseToMediaResourceId": "",
        "inResponseToPostId": "",
        "inResponseToRemovedAt": 0,
        "isApprovedTranslation": false,
        "isBlockedFromHightower": false,
        "isEligibleForRevenue": false,
        "isNsfw": false,
        "isProxyPost": false,
        "isSeries": false,
        "isSubscriptionLocked": false,
        "isTitleSynthesized": true,
        "latestPublishedAt": 1515874706695,
        "latestPublishedVersion": "f36a797cce2f",
        "latestRev": 1867,
        "latestVersion": "f36a797cce2f",
        "layerCake": 0,
        "license": 0,
        "lockedPostSource": 0,
        "mediumUrl": "",
        "migrationId": "",
        "mongerRequestType": 1,
        "newsletterId": "",
        "notifyFacebook": false,
        "notifyFollowers": true,
        "notifyTwitter": true,
        "previewContent": Object {
          "bodyModel": Object {
            "paragraphs": Array [
              Object {
                "layout": 10,
                "metadata": Object {
                  "id": "1*vQNSInwyoEr8i8sDXJY4CA.png",
                  "isFeatured": true,
                  "originalHeight": 800,
                  "originalWidth": 1600,
                },
                "name": "previewImage",
                "text": "",
                "type": 4,
              },
              Object {
                "alignment": 1,
                "markups": Array [],
                "name": "e3b2",
                "text": "Snapshot testing in Python for Sublime Text packages",
                "type": 3,
              },
            ],
            "sections": Array [
              Object {
                "startIndex": 0,
              },
            ],
          },
          "isFullContent": false,
          "subtitle": "A few months ago I authored a small Sublime Text plugin called Sublime tmux, providing a set of commands to open windows within tmux…",
        },
        "proxyPostFaviconUrl": "",
        "proxyPostProviderName": "",
        "responseHiddenOnParentPostAt": 0,
        "sequenceId": "",
        "seriesLastAppendedAt": 0,
        "slug": "snapshot-testing-in-python-for-sublime-text-packages",
        "socialDek": "",
        "socialTitle": "",
        "title": "Snapshot testing in Python for Sublime Text packages",
        "translationSourceCreatorId": "",
        "translationSourcePostId": "",
        "type": "Post",
        "uniqueSlug": "snapshot-testing-in-python-for-sublime-text-packages-ef8aaecde945",
        "updatedAt": 1525305795724,
        "url": "https://medium.com/@huntie/snapshot-testing-in-python-for-sublime-text-packages-ef8aaecde945",
        "versionId": "f36a797cce2f",
        "virtuals": Object {
          "allowNotes": true,
          "imageCount": 1,
          "isBookmarked": false,
          "isLockedPreviewOnly": false,
          "links": Object {
            "entries": Array [
              Object {
                "alts": Array [],
                "httpStatus": 200,
                "url": "https://facebook.github.io/jest/",
              },
              Object {
                "alts": Array [],
                "httpStatus": 200,
                "url": "https://facebook.github.io/jest/docs/en/snapshot-testing.html",
              },
              Object {
                "alts": Array [],
                "httpStatus": 200,
                "url": "http://devdocs.io/python~3.6/library/unittest.mock#module-unittest.mock",
              },
              Object {
                "alts": Array [],
                "httpStatus": 200,
                "url": "https://github.com/randy3k/UnitTesting-example/blob/master/.circleci/config.yml",
              },
              Object {
                "alts": Array [],
                "httpStatus": 200,
                "url": "https://digital-detox.co.uk/",
              },
              Object {
                "alts": Array [],
                "httpStatus": 200,
                "url": "https://www.sublimetext.com/docs/3/api_reference.html",
              },
              Object {
                "alts": Array [],
                "httpStatus": 200,
                "url": "https://github.com/randy3k/UnitTesting-example/tree/master/tests",
              },
              Object {
                "alts": Array [],
                "httpStatus": 200,
                "url": "https://github.com/huntie/sublime-tmux/tree/develop/tests",
              },
              Object {
                "alts": Array [],
                "httpStatus": 200,
                "url": "https://github.com/syrusakbary/snapshottest",
              },
              Object {
                "alts": Array [],
                "httpStatus": 200,
                "url": "https://github.com/huntie/sublime-tmux",
              },
              Object {
                "alts": Array [],
                "httpStatus": 200,
                "url": "https://github.com/SublimeText/UnitTesting",
              },
              Object {
                "alts": Array [
                  Object {
                    "type": 2,
                    "url": "twitter://user?screen_name=alxhnt",
                  },
                  Object {
                    "type": 3,
                    "url": "twitter://user?screen_name=alxhnt",
                  },
                ],
                "httpStatus": 200,
                "url": "https://twitter.com/alxhnt",
              },
              Object {
                "alts": Array [],
                "httpStatus": 200,
                "url": "https://packagecontrol.io/packages/UnitTesting",
              },
              Object {
                "alts": Array [],
                "httpStatus": 200,
                "url": "https://github.com/tmux/tmux#readme",
              },
            ],
            "generatedAt": 1515874707382,
            "version": "0.3",
          },
          "metaDescription": "",
          "noIndex": false,
          "previewImage": Object {
            "backgroundSize": "",
            "filter": "",
            "height": 0,
            "imageId": "1*vQNSInwyoEr8i8sDXJY4CA.png",
            "originalHeight": 800,
            "originalWidth": 1600,
            "strategy": "resample",
            "width": 0,
          },
          "readingList": 0,
          "readingTime": 3.4830188679245286,
          "recommends": 2,
          "responsesCreatedCount": 0,
          "sectionCount": 1,
          "socialRecommendsCount": 0,
          "subtitle": "A few months ago I authored a small Sublime Text plugin called Sublime tmux, providing a set of commands to open windows within tmux…",
          "tags": Array [
            Object {
              "metadata": Object {
                "coverImage": Object {
                  "id": "1*1AMObJk7t7It2iogc8999Q.png",
                  "originalHeight": 2380,
                  "originalWidth": 3151,
                },
                "postCount": 59,
              },
              "name": "Sublime Text",
              "postCount": 59,
              "slug": "sublimetext",
              "type": "Tag",
            },
            Object {
              "metadata": Object {
                "coverImage": Object {
                  "id": "0*t1v0WGPmfzwOAl26.png",
                  "isFeatured": true,
                  "originalHeight": 1050,
                  "originalWidth": 1400,
                },
                "postCount": 28662,
              },
              "name": "Python",
              "postCount": 28662,
              "slug": "python",
              "type": "Tag",
            },
            Object {
              "metadata": Object {
                "coverImage": Object {
                  "id": "1*xCkH8d0IJ3TK9CPjjkqzZg.jpeg",
                  "isFeatured": true,
                  "originalHeight": 900,
                  "originalWidth": 1200,
                },
                "postCount": 2043,
              },
              "name": "Unit Testing",
              "postCount": 2043,
              "slug": "unit-testing",
              "type": "Tag",
            },
            Object {
              "metadata": Object {
                "coverImage": Object {
                  "id": "1*1Ahgd-fRcyz6H5VDMEd0Sw.jpeg",
                  "isFeatured": true,
                  "originalHeight": 2075,
                  "originalWidth": 2767,
                },
                "postCount": 62233,
              },
              "name": "Software Development",
              "postCount": 62233,
              "slug": "software-development",
              "type": "Tag",
            },
          ],
          "topics": Array [],
          "totalClapCount": 25,
          "usersBySocialRecommends": Array [],
          "wordCount": 870,
        },
        "visibility": 0,
        "vote": false,
        "webCanonicalUrl": "",
      },
      Object {
        "acceptedAt": 0,
        "allowResponses": true,
        "approvedHomeCollectionId": "5083665d32f1",
        "audioVersionDurationSec": 0,
        "canonicalUrl": "",
        "content": Object {
          "postDisplay": Object {
            "coverless": true,
          },
          "subtitle": "This year I took a fresh look what was needed in my personal website, having decided to publish my articles here on Medium. Along with a…",
        },
        "coverless": true,
        "createdAt": 1486239404234,
        "creatorId": "e54e8fe3cbbe",
        "curationEligibleAt": 0,
        "deletedAt": 0,
        "detectedLanguage": "en",
        "displayAuthor": "",
        "editorialPreviewDek": "",
        "editorialPreviewTitle": "",
        "experimentalCss": "",
        "featureLockRequestAcceptedAt": 0,
        "firstPublishedAt": 1486631944565,
        "hasUnpublishedEdits": false,
        "hightowerMinimumGuaranteeEndsAt": 0,
        "hightowerMinimumGuaranteeStartsAt": 0,
        "homeCollectionId": "5083665d32f1",
        "id": "31458ac4f48d",
        "importedPublishedAt": 0,
        "importedUrl": "",
        "inResponseToMediaResourceId": "",
        "inResponseToPostId": "",
        "inResponseToRemovedAt": 0,
        "isApprovedTranslation": false,
        "isBlockedFromHightower": false,
        "isEligibleForRevenue": false,
        "isNsfw": false,
        "isProxyPost": false,
        "isSeries": false,
        "isSubscriptionLocked": false,
        "isTitleSynthesized": true,
        "latestPublishedAt": 1535649095060,
        "latestPublishedVersion": "844573c19057",
        "latestRev": 1226,
        "latestVersion": "844573c19057",
        "layerCake": 0,
        "license": 0,
        "lockedPostSource": 0,
        "mediumUrl": "",
        "migrationId": "",
        "mongerRequestType": 1,
        "newsletterId": "",
        "notifyFacebook": false,
        "notifyFollowers": true,
        "notifyTwitter": true,
        "previewContent": Object {
          "bodyModel": Object {
            "paragraphs": Array [
              Object {
                "layout": 10,
                "metadata": Object {
                  "id": "1*ePaMoSu83h_HoWz4Pj1o8w.png",
                  "isFeatured": true,
                  "originalHeight": 1446,
                  "originalWidth": 2944,
                },
                "name": "previewImage",
                "text": "",
                "type": 4,
              },
              Object {
                "alignment": 1,
                "markups": Array [],
                "name": "5ada",
                "text": "The ultra-minimalist static site stack",
                "type": 3,
              },
              Object {
                "alignment": 1,
                "markups": Array [],
                "name": "aa37",
                "text": "This year I took a fresh look what was needed in my personal website, having decided to…",
                "type": 1,
              },
            ],
            "sections": Array [
              Object {
                "startIndex": 0,
              },
            ],
          },
          "isFullContent": false,
          "subtitle": "This year I took a fresh look what was needed in my personal website, having decided to publish my articles here on Medium. Along with a…",
        },
        "proxyPostFaviconUrl": "",
        "proxyPostProviderName": "",
        "responseHiddenOnParentPostAt": 0,
        "sequenceId": "",
        "seriesLastAppendedAt": 0,
        "slug": "the-ultra-minimalist-static-site-stack",
        "socialDek": "",
        "socialTitle": "",
        "title": "The ultra-minimalist static site stack",
        "translationSourceCreatorId": "",
        "translationSourcePostId": "",
        "type": "Post",
        "uniqueSlug": "the-ultra-minimalist-static-site-stack-31458ac4f48d",
        "updatedAt": 1535649095060,
        "url": "https://medium.com/@huntie/the-ultra-minimalist-static-site-stack-31458ac4f48d",
        "versionId": "844573c19057",
        "virtuals": Object {
          "allowNotes": true,
          "imageCount": 4,
          "isBookmarked": false,
          "isLockedPreviewOnly": false,
          "links": Object {
            "entries": Array [
              Object {
                "alts": Array [],
                "httpStatus": 200,
                "url": "http://www.metalsmith.io/",
              },
              Object {
                "alts": Array [],
                "httpStatus": 200,
                "url": "https://www.netlify.com",
              },
              Object {
                "alts": Array [],
                "httpStatus": 200,
                "url": "https://docs.npmjs.com/misc/scripts",
              },
              Object {
                "alts": Array [],
                "httpStatus": 200,
                "url": "https://www.gosquared.com/",
              },
              Object {
                "alts": Array [],
                "httpStatus": 200,
                "url": "https://github.com/huntie/alexhunt.io",
              },
            ],
            "generatedAt": 1535649095397,
            "version": "0.3",
          },
          "metaDescription": "",
          "noIndex": false,
          "previewImage": Object {
            "backgroundSize": "",
            "filter": "",
            "height": 0,
            "imageId": "1*ePaMoSu83h_HoWz4Pj1o8w.png",
            "originalHeight": 1446,
            "originalWidth": 2944,
            "strategy": "resample",
            "width": 0,
          },
          "publishedInCount": 1,
          "readingList": 0,
          "readingTime": 3.609433962264151,
          "recommends": 14,
          "responsesCreatedCount": 0,
          "sectionCount": 1,
          "socialRecommendsCount": 0,
          "statusForCollection": "APPROVED",
          "subtitle": "This year I took a fresh look what was needed in my personal website, having decided to publish my articles here on Medium. Along with a…",
          "tags": Array [
            Object {
              "metadata": Object {
                "coverImage": Object {
                  "id": "1*dRB3RzSherBgFc5D2jzAkA.jpeg",
                  "isFeatured": true,
                  "originalHeight": 682,
                  "originalWidth": 1023,
                },
                "postCount": 10,
              },
              "name": "Metalsmith",
              "postCount": 10,
              "slug": "metalsmith",
              "type": "Tag",
            },
            Object {
              "metadata": Object {
                "coverImage": Object {
                  "id": "0*6afo312CA-QG73gL.png",
                  "isFeatured": true,
                  "originalHeight": 750,
                  "originalWidth": 1500,
                },
                "postCount": 229,
              },
              "name": "Netlify",
              "postCount": 229,
              "slug": "netlify",
              "type": "Tag",
            },
            Object {
              "metadata": Object {
                "coverImage": Object {
                  "id": "1*E2Dbw-jk3UDnTxcmWPsWgQ.png",
                  "originalHeight": 358,
                  "originalWidth": 1366,
                },
                "postCount": 328,
              },
              "name": "Static Site",
              "postCount": 328,
              "slug": "static-site",
              "type": "Tag",
            },
            Object {
              "metadata": Object {
                "coverImage": Object {
                  "id": "1*OlIRsvVO5aK7ja9HmwXz_Q.gif",
                  "isFeatured": true,
                  "originalHeight": 230,
                  "originalWidth": 493,
                },
                "postCount": 60,
              },
              "name": "Npm Scripts",
              "postCount": 60,
              "slug": "npm-scripts",
              "type": "Tag",
            },
          ],
          "topics": Array [],
          "totalClapCount": 30,
          "usersBySocialRecommends": Array [],
          "wordCount": 771,
        },
        "visibility": 0,
        "vote": false,
        "webCanonicalUrl": "",
      },
      Object {
        "acceptedAt": 0,
        "allowResponses": true,
        "approvedHomeCollectionId": "",
        "audioVersionDurationSec": 0,
        "canonicalUrl": "",
        "content": Object {
          "postDisplay": Object {
            "coverless": true,
          },
          "subtitle": "UUIDs are awesome — they provide a non-sequential, comprehensively unique identifier that can be generated separately from the source…",
        },
        "coverless": true,
        "createdAt": 1483703513624,
        "creatorId": "e54e8fe3cbbe",
        "curationEligibleAt": 0,
        "deletedAt": 0,
        "detectedLanguage": "en",
        "displayAuthor": "",
        "editorialPreviewDek": "",
        "editorialPreviewTitle": "",
        "experimentalCss": "",
        "featureLockRequestAcceptedAt": 0,
        "firstPublishedAt": 1483733066220,
        "hasUnpublishedEdits": true,
        "hightowerMinimumGuaranteeEndsAt": 0,
        "hightowerMinimumGuaranteeStartsAt": 0,
        "homeCollectionId": "",
        "id": "c30e66bf35f9",
        "importedPublishedAt": 0,
        "importedUrl": "",
        "inResponseToMediaResourceId": "",
        "inResponseToPostId": "",
        "inResponseToRemovedAt": 0,
        "isApprovedTranslation": false,
        "isBlockedFromHightower": false,
        "isEligibleForRevenue": false,
        "isNsfw": false,
        "isProxyPost": false,
        "isSeries": false,
        "isSubscriptionLocked": false,
        "isTitleSynthesized": true,
        "latestPublishedAt": 1514394793685,
        "latestPublishedVersion": "677830f49db1",
        "latestRev": 962,
        "latestVersion": "677830f49db1",
        "layerCake": 0,
        "license": 0,
        "lockedPostSource": 0,
        "mediumUrl": "",
        "migrationId": "",
        "mongerRequestType": 1,
        "newsletterId": "",
        "notifyFacebook": false,
        "notifyFollowers": true,
        "notifyTwitter": true,
        "previewContent": Object {
          "bodyModel": Object {
            "paragraphs": Array [
              Object {
                "alignment": 1,
                "markups": Array [],
                "name": "c932",
                "text": "Representing a UUID as a Base62 Hash ID for short, pretty URLs",
                "type": 3,
              },
              Object {
                "alignment": 1,
                "markups": Array [],
                "name": "8619",
                "text": "UUIDs are awesome — they provide a non-sequential, comprehensively unique identifier that can be generated separately from the source database. However, if you need to include one in a URL they can appear somewhat…",
                "type": 1,
              },
            ],
            "sections": Array [
              Object {
                "startIndex": 0,
              },
            ],
          },
          "isFullContent": false,
          "subtitle": "UUIDs are awesome — they provide a non-sequential, comprehensively unique identifier that can be generated separately from the source…",
        },
        "proxyPostFaviconUrl": "",
        "proxyPostProviderName": "",
        "responseHiddenOnParentPostAt": 0,
        "sequenceId": "",
        "seriesLastAppendedAt": 0,
        "slug": "representing-a-uuid-as-a-base-62-hash-id-for-short-pretty-urls",
        "socialDek": "",
        "socialTitle": "",
        "title": "Representing a UUID as a Base62 Hash ID for short, pretty URLs",
        "translationSourceCreatorId": "",
        "translationSourcePostId": "",
        "type": "Post",
        "uniqueSlug": "representing-a-uuid-as-a-base-62-hash-id-for-short-pretty-urls-c30e66bf35f9",
        "updatedAt": 1529307247534,
        "url": "https://medium.com/@huntie/representing-a-uuid-as-a-base-62-hash-id-for-short-pretty-urls-c30e66bf35f9",
        "versionId": "677830f49db1",
        "virtuals": Object {
          "allowNotes": true,
          "imageCount": 0,
          "isBookmarked": false,
          "isLockedPreviewOnly": false,
          "links": Object {
            "entries": Array [
              Object {
                "alts": Array [],
                "httpStatus": 200,
                "url": "http://hashids.org/",
              },
              Object {
                "alts": Array [],
                "httpStatus": 200,
                "url": "https://eager.io/blog/how-long-does-an-id-need-to-be/",
              },
            ],
            "generatedAt": 1514394794201,
            "version": "0.3",
          },
          "metaDescription": "",
          "noIndex": false,
          "previewImage": Object {
            "backgroundSize": "",
            "filter": "",
            "height": 0,
            "imageId": "",
            "originalHeight": 0,
            "originalWidth": 0,
            "strategy": "resample",
            "width": 0,
          },
          "readingList": 0,
          "readingTime": 2.2037735849056603,
          "recommends": 39,
          "responsesCreatedCount": 0,
          "sectionCount": 1,
          "socialRecommendsCount": 0,
          "subtitle": "UUIDs are awesome — they provide a non-sequential, comprehensively unique identifier that can be generated separately from the source…",
          "tags": Array [
            Object {
              "metadata": Object {
                "coverImage": Object {
                  "id": "1*B38rwiQOcVjtwQy988CfJA.png",
                  "isFeatured": true,
                  "originalHeight": 312,
                  "originalWidth": 820,
                },
                "postCount": 99880,
              },
              "name": "Programming",
              "postCount": 99880,
              "slug": "programming",
              "type": "Tag",
            },
            Object {
              "metadata": Object {
                "coverImage": Object {
                  "id": "1*_eFHsjMYw7uNLzSHOF7_AA.png",
                  "isFeatured": true,
                  "originalHeight": 720,
                  "originalWidth": 1280,
                },
                "postCount": 11876,
              },
              "name": "PHP",
              "postCount": 11876,
              "slug": "php",
              "type": "Tag",
            },
            Object {
              "metadata": Object {
                "coverImage": Object {
                  "id": "1*_eFHsjMYw7uNLzSHOF7_AA.png",
                  "isFeatured": true,
                  "originalHeight": 720,
                  "originalWidth": 1280,
                },
                "postCount": 6530,
              },
              "name": "Laravel",
              "postCount": 6530,
              "slug": "laravel",
              "type": "Tag",
            },
            Object {
              "metadata": Object {
                "coverImage": Object {
                  "id": "1*FmlVUU9ozKJhEXoVtrVZsg.png",
                  "isFeatured": true,
                  "originalHeight": 600,
                  "originalWidth": 1800,
                },
                "postCount": 3,
              },
              "name": "Hashids",
              "postCount": 3,
              "slug": "hashids",
              "type": "Tag",
            },
            Object {
              "metadata": Object {
                "postCount": 1,
              },
              "name": "Uuids",
              "postCount": 1,
              "slug": "uuid",
              "type": "Tag",
            },
          ],
          "topics": Array [],
          "totalClapCount": 120,
          "usersBySocialRecommends": Array [],
          "wordCount": 584,
        },
        "visibility": 0,
        "vote": false,
        "webCanonicalUrl": "",
      },
    ],
    "user": Object {
      "allowNotes": 1,
      "backgroundImageId": "",
      "bio": "London-based software developer. Building a platform for mental wellbeing at @unmindhealth. https://alexhunt.io/",
      "createdAt": 1462126354657,
      "imageId": "1*iumTueER5jCHl9TgzYra1g.jpeg",
      "isNsfw": false,
      "isQuarantined": false,
      "isWriterProgramEnrolled": true,
      "mediumMemberAt": 0,
      "name": "Alex Hunt",
      "twitterScreenName": "alxhnt",
      "type": "User",
      "userId": "e54e8fe3cbbe",
      "username": "huntie",
    },
  },
}
`;
